/opt/src/SAD/GIT/fork/contrib/gdtoa/test/obad/strtodt.out