/opt/src/SAD/GIT/fork/contrib/gdtoa/test/xsum0.out